2026-09-20 14:49:17 | Created | C:\Users\Laser\Documents\Default Project\scripts\.watch-test.tmp
2026-09-20 14:49:17 | Changed | C:\Users\Laser\Documents\Default Project\scripts\.watch-test.tmp
2026-09-20 14:49:17 | Changed | C:\Users\Laser\Documents\Default Project\scripts
2026-09-20 14:49:19 | Changed | C:\Users\Laser\Documents\Default Project\scripts
2026-09-20 14:49:21 | Deleted | C:\Users\Laser\Documents\Default Project\scripts\.watch-test.tmp
2026-09-20 14:49:21 | Changed | C:\Users\Laser\Documents\Default Project\scripts
2026-09-20 14:49:29 | Changed | C:\Users\Laser\Documents\Default Project\HANDOFF.md
2026-09-20 15:11:58 | Changed | C:\Users\Laser\Documents\Default Project\src\constants\date-time.ts
2026-09-20 15:11:58 | Changed | C:\Users\Laser\Documents\Default Project\src\constants\date-time.ts
2026-09-20 15:12:02 | Changed | C:\Users\Laser\Documents\Default Project\HANDOFF.md
2026-09-20 15:12:02 | Changed | C:\Users\Laser\Documents\Default Project\HANDOFF.md
2026-09-20 15:13:57 | Changed | C:\Users\Laser\Documents\Default Project\HANDOFF.md
2026-09-20 15:18:34 | Changed | C:\Users\Laser\Documents\Default Project\src\lib\planner.ts
2026-09-20 15:18:34 | Changed | C:\Users\Laser\Documents\Default Project\src\lib\planner.ts
2026-09-20 15:19:22 | Changed | C:\Users\Laser\Documents\Default Project\scripts\planning-tests.js
2026-09-20 15:19:22 | Changed | C:\Users\Laser\Documents\Default Project\scripts\planning-tests.js
2026-09-20 15:19:26 | Changed | C:\Users\Laser\Documents\Default Project\scripts\planning-tests.js
2026-09-20 15:19:26 | Changed | C:\Users\Laser\Documents\Default Project\scripts\planning-tests.js
2026-09-20 15:33:16 | Created | C:\Users\Laser\Documents\Default Project\src\lib\__probe__.ts
2026-09-20 15:33:22 | Deleted | C:\Users\Laser\Documents\Default Project\src\lib\__probe__.ts
2026-09-20 15:33:44 | Changed | C:\Users\Laser\Documents\Default Project\AI-CONTEXT-FOR-VSCODE.md
2026-09-20 15:33:44 | Changed | C:\Users\Laser\Documents\Default Project\HANDOFF.md
2026-09-20 15:40:01 | Changed | C:\Users\Laser\Documents\Default Project\HANDOFF.md
2026-09-20 15:42:06 | Changed | C:\Users\Laser\Documents\Default Project\HANDOFF.md
2026-09-20 15:45:49 | Changed | C:\Users\Laser\Documents\Default Project\src\lib\planner.ts
2026-09-20 15:46:07 | Changed | C:\Users\Laser\Documents\Default Project\scripts\planning-tests.js
2026-09-20 15:46:21 | Changed | C:\Users\Laser\Documents\Default Project\scripts\planning-tests.js
2026-09-20 15:46:54 | Changed | C:\Users\Laser\Documents\Default Project\HANDOFF.md
2026-09-20 15:47:54 | Changed | C:\Users\Laser\Documents\Default Project\HANDOFF.md
2026-09-20 15:50:41 | Created | C:\Users\Laser\Documents\Default Project\scripts\debug2.html
2026-09-20 15:51:01 | Changed | C:\Users\Laser\Documents\Default Project\HANDOFF.md
2026-09-20 15:51:01 | Deleted | C:\Users\Laser\Documents\Default Project\scripts\debug2.html
2026-09-20 16:05:14 | Changed | C:\Users\Laser\Documents\Default Project\package-lock.json
2026-09-20 16:06:24 | Created | C:\Users\Laser\Documents\Default Project\.expo\dev\logs\start.log
2026-09-20 16:06:34 | Changed | C:\Users\Laser\Documents\Default Project\.expo\dev\logs\start.log
2026-09-20 16:06:45 | Created | C:\Users\Laser\Documents\Default Project\expo-env.d.ts
2026-09-20 16:06:45 | Created | C:\Users\Laser\Documents\Default Project\.expo\devices.json
2026-09-20 16:06:45 | Created | C:\Users\Laser\Documents\Default Project\.expo\README.md
2026-09-20 16:06:53 | Created | C:\Users\Laser\Documents\Default Project\.expo\types\router.d.ts
2026-09-20 16:12:03 | Changed | C:\Users\Laser\Documents\Default Project\.expo\types\router.d.ts
2026-09-20 16:13:14 | Changed | C:\Users\Laser\Documents\Default Project\.expo\dev\logs\start.log
2026-09-20 16:13:22 | Changed | C:\Users\Laser\Documents\Default Project\expo-env.d.ts
2026-09-20 16:13:22 | Changed | C:\Users\Laser\Documents\Default Project\.expo\types\router.d.ts
2026-09-20 16:13:51 | Changed | C:\Users\Laser\Documents\Default Project\.expo\dev\logs\start.log
2026-09-20 16:20:57 | Changed | C:\Users\Laser\Documents\Default Project\.expo\dev\logs\start.log
2026-09-20 16:21:26 | Changed | C:\Users\Laser\Documents\Default Project\.expo\dev\logs\start.log
2026-09-20 16:21:54 | Changed | C:\Users\Laser\Documents\Default Project\.expo\dev\logs\start.log
2026-09-20 16:22:12 | Changed | C:\Users\Laser\Documents\Default Project\.expo\dev\logs\start.log
2026-09-20 16:22:31 | Changed | C:\Users\Laser\Documents\Default Project\package-lock.json
2026-09-20 16:22:31 | Changed | C:\Users\Laser\Documents\Default Project\package.json
2026-09-20 16:22:52 | Changed | C:\Users\Laser\Documents\Default Project\.expo\dev\logs\start.log
2026-09-20 16:23:02 | Created | C:\Users\Laser\Documents\Default Project\.expo\settings.json
2026-09-20 16:23:09 | Changed | C:\Users\Laser\Documents\Default Project\expo-env.d.ts
2026-09-20 16:23:09 | Changed | C:\Users\Laser\Documents\Default Project\.expo\types\router.d.ts
2026-09-20 16:24:45 | Changed | C:\Users\Laser\Documents\Default Project\.expo\types\router.d.ts
2026-09-20 16:26:30 | Changed | C:\Users\Laser\Documents\Default Project\.expo\dev\logs\start.log
2026-09-20 16:33:47 | Changed | C:\Users\Laser\Documents\Default Project\src\lib\planner.ts
2026-09-20 16:33:54 | Changed | C:\Users\Laser\Documents\Default Project\src\app\plan.tsx
2026-09-20 16:34:01 | Changed | C:\Users\Laser\Documents\Default Project\.expo\types\router.d.ts
2026-09-20 16:34:01 | Changed | C:\Users\Laser\Documents\Default Project\src\app\plan.tsx
2026-09-20 16:34:08 | Changed | C:\Users\Laser\Documents\Default Project\.expo\types\router.d.ts
2026-09-20 16:34:08 | Changed | C:\Users\Laser\Documents\Default Project\src\lib\planner.ts
2026-09-20 16:34:23 | Changed | C:\Users\Laser\Documents\Default Project\scripts\planning-tests.js
2026-09-20 16:34:30 | Changed | C:\Users\Laser\Documents\Default Project\scripts\planning-tests.js
2026-09-20 16:35:05 | Changed | C:\Users\Laser\Documents\Default Project\HANDOFF.md
2026-09-20 16:38:25 | Created | C:\Users\Laser\Documents\Default Project\scripts\debug3.html
2026-09-20 16:38:53 | Deleted | C:\Users\Laser\Documents\Default Project\scripts\debug3.html
2026-09-20 16:39:00 | Changed | C:\Users\Laser\Documents\Default Project\HANDOFF.md
2026-09-20 16:40:53 | Changed | C:\Users\Laser\Documents\Default Project\src\lib\planner.ts
2026-09-20 16:41:07 | Changed | C:\Users\Laser\Documents\Default Project\scripts\planning-tests.js
2026-09-20 16:41:14 | Changed | C:\Users\Laser\Documents\Default Project\scripts\planning-tests.js
2026-09-20 16:41:28 | Changed | C:\Users\Laser\Documents\Default Project\src\app\plan.tsx
2026-09-20 16:41:35 | Changed | C:\Users\Laser\Documents\Default Project\.expo\types\router.d.ts
2026-09-20 16:41:35 | Changed | C:\Users\Laser\Documents\Default Project\src\app\plan.tsx
2026-09-20 16:41:42 | Changed | C:\Users\Laser\Documents\Default Project\AI-CONTEXT-FOR-VSCODE.md
2026-09-20 16:41:42 | Changed | C:\Users\Laser\Documents\Default Project\.expo\types\router.d.ts
2026-09-20 16:41:49 | Changed | C:\Users\Laser\Documents\Default Project\dev-log.md
2026-09-20 16:42:03 | Changed | C:\Users\Laser\Documents\Default Project\src\app\plan.tsx
2026-09-20 16:42:09 | Changed | C:\Users\Laser\Documents\Default Project\.expo\types\router.d.ts
2026-09-20 16:42:23 | Changed | C:\Users\Laser\Documents\Default Project\src\lib\planner.ts
2026-09-20 16:42:30 | Changed | C:\Users\Laser\Documents\Default Project\scripts\planning-tests.js
2026-09-20 16:42:51 | Changed | C:\Users\Laser\Documents\Default Project\src\lib\planner.ts
2026-09-20 16:43:11 | Changed | C:\Users\Laser\Documents\Default Project\scripts\planning-tests.js
2026-09-20 16:43:40 | Changed | C:\Users\Laser\Documents\Default Project\HANDOFF.md
2026-09-20 16:44:41 | Created | C:\Users\Laser\Documents\Default Project\scripts\debug4.html
2026-09-20 16:45:07 | Deleted | C:\Users\Laser\Documents\Default Project\scripts\debug4.html
2026-09-20 16:45:14 | Changed | C:\Users\Laser\Documents\Default Project\HANDOFF.md
2026-09-20 16:47:52 | Changed | C:\Users\Laser\Documents\Default Project\scripts\planning-tests.js
2026-09-20 16:47:52 | Changed | C:\Users\Laser\Documents\Default Project\src\lib\planner.ts
2026-09-20 16:47:59 | Changed | C:\Users\Laser\Documents\Default Project\scripts\planning-tests.js
2026-09-20 16:48:06 | Changed | C:\Users\Laser\Documents\Default Project\scripts\planning-tests.js
2026-09-20 16:48:13 | Changed | C:\Users\Laser\Documents\Default Project\.expo\types\router.d.ts
2026-09-20 16:48:13 | Changed | C:\Users\Laser\Documents\Default Project\src\app\plan.tsx
2026-09-20 16:48:20 | Changed | C:\Users\Laser\Documents\Default Project\AI-CONTEXT-FOR-VSCODE.md
2026-09-20 16:48:27 | Changed | C:\Users\Laser\Documents\Default Project\scripts\planning-tests.js
2026-09-20 16:48:27 | Changed | C:\Users\Laser\Documents\Default Project\src\lib\planner.ts
2026-09-20 16:48:56 | Changed | C:\Users\Laser\Documents\Default Project\HANDOFF.md
2026-09-20 16:49:55 | Created | C:\Users\Laser\Documents\Default Project\scripts\debug5.html
2026-09-20 16:50:16 | Deleted | C:\Users\Laser\Documents\Default Project\scripts\debug5.html
2026-09-20 16:50:22 | Changed | C:\Users\Laser\Documents\Default Project\HANDOFF.md
2026-09-20 16:53:05 | Changed | C:\Users\Laser\Documents\Default Project\.expo\dev\logs\start.log
2026-09-20 16:54:11 | Changed | C:\Users\Laser\Documents\Default Project\src\app\plan.tsx
2026-09-20 16:54:20 | Changed | C:\Users\Laser\Documents\Default Project\HANDOFF.md
2026-09-20 16:54:20 | Changed | C:\Users\Laser\Documents\Default Project\.expo\types\router.d.ts
2026-09-20 16:54:29 | Changed | C:\Users\Laser\Documents\Default Project\HANDOFF.md
2026-09-20 16:54:36 | Changed | C:\Users\Laser\Documents\Default Project\HANDOFF.md
2026-09-20 17:08:49 | Created | C:\Users\Laser\Documents\Default Project\scripts\diagnostic.html
2026-09-20 17:09:10 | Changed | C:\Users\Laser\Documents\Default Project\scripts\diagnostic.html
2026-09-20 17:09:38 | Created | C:\Users\Laser\Documents\Default Project\PLANNER-DIAGNOSTIC-REPORT.md
2026-09-20 17:09:45 | Changed | C:\Users\Laser\Documents\Default Project\HANDOFF.md
2026-09-20 17:09:45 | Changed | C:\Users\Laser\Documents\Default Project\PLANNER-DIAGNOSTIC-REPORT.md
2026-09-20 17:09:58 | Changed | C:\Users\Laser\Documents\Default Project\HANDOFF.md
2026-09-20 17:10:05 | Changed | C:\Users\Laser\Documents\Default Project\HANDOFF.md
2026-09-20 17:12:56 | Changed | C:\Users\Laser\Documents\Default Project\HANDOFF.md
2026-09-20 17:14:40 | Changed | C:\Users\Laser\Documents\Default Project\src\lib\planner.ts
2026-09-20 17:14:47 | Changed | C:\Users\Laser\Documents\Default Project\src\app\plan.tsx
2026-09-20 17:14:54 | Changed | C:\Users\Laser\Documents\Default Project\.expo\types\router.d.ts
2026-09-20 17:15:08 | Changed | C:\Users\Laser\Documents\Default Project\scripts\planning-tests.js
2026-09-20 17:15:15 | Changed | C:\Users\Laser\Documents\Default Project\scripts\planning-tests.js
2026-09-20 17:15:35 | Changed | C:\Users\Laser\Documents\Default Project\scripts\diagnostic.html
2026-09-20 17:15:35 | Changed | C:\Users\Laser\Documents\Default Project\scripts\planning-tests.js
2026-09-20 17:15:48 | Changed | C:\Users\Laser\Documents\Default Project\AI-CONTEXT-FOR-VSCODE.md
2026-09-20 17:16:15 | Changed | C:\Users\Laser\Documents\Default Project\PLANNER-DIAGNOSTIC-REPORT.md
2026-09-20 17:16:35 | Changed | C:\Users\Laser\Documents\Default Project\HANDOFF.md
2026-09-20 17:18:42 | Created | C:\Users\Laser\Documents\Default Project\scripts\debug6.html
2026-09-20 17:19:10 | Changed | C:\Users\Laser\Documents\Default Project\HANDOFF.md
2026-09-20 17:19:10 | Deleted | C:\Users\Laser\Documents\Default Project\scripts\debug6.html
2026-09-20 17:23:06 | Changed | C:\Users\Laser\Documents\Default Project\.expo\dev\logs\start.log
2026-09-20 17:23:19 | Changed | C:\Users\Laser\Documents\Default Project\HANDOFF.md
2026-09-20 17:25:27 | Changed | C:\Users\Laser\Documents\Default Project\src\lib\planning-memory.ts
2026-09-20 17:25:34 | Changed | C:\Users\Laser\Documents\Default Project\src\app\plan.tsx
2026-09-20 17:25:41 | Changed | C:\Users\Laser\Documents\Default Project\.expo\types\router.d.ts
2026-09-20 17:25:54 | Changed | C:\Users\Laser\Documents\Default Project\scripts\planning-tests.js
2026-09-20 17:26:01 | Changed | C:\Users\Laser\Documents\Default Project\scripts\planning-tests.js
2026-09-20 17:26:27 | Changed | C:\Users\Laser\Documents\Default Project\dev-log.md
2026-09-20 17:26:34 | Changed | C:\Users\Laser\Documents\Default Project\AI-CONTEXT-FOR-VSCODE.md
2026-09-20 17:27:01 | Changed | C:\Users\Laser\Documents\Default Project\HANDOFF.md
2026-09-20 17:27:08 | Changed | C:\Users\Laser\Documents\Default Project\HANDOFF.md
2026-09-20 17:29:19 | Changed | C:\Users\Laser\Documents\Default Project\HANDOFF.md
2026-09-20 17:30:56 | Changed | C:\Users\Laser\Documents\Default Project\dev-log.md
2026-09-20 17:31:03 | Changed | C:\Users\Laser\Documents\Default Project\HANDOFF.md
2026-09-20 17:34:08 | Changed | C:\Users\Laser\Documents\Default Project\HANDOFF.md
2026-09-20 17:35:33 | Created | C:\Users\Laser\Documents\Default Project\scripts\features-verification.html
2026-09-20 17:35:53 | Changed | C:\Users\Laser\Documents\Default Project\scripts\features-verification.html
2026-09-20 17:37:08 | Changed | C:\Users\Laser\Documents\Default Project\scripts\features-verification.html
2026-09-20 17:37:30 | Changed | C:\Users\Laser\Documents\Default Project\scripts\features-verification.html
2026-09-20 17:39:12 | Created | C:\Users\Laser\Documents\Default Project\FEATURES-VERIFICATION-REPORT.md
2026-09-20 17:39:33 | Changed | C:\Users\Laser\Documents\Default Project\HANDOFF.md
2026-09-20 17:39:46 | Changed | C:\Users\Laser\Documents\Default Project\HANDOFF.md
2026-09-20 17:41:19 | Changed | C:\Users\Laser\Documents\Default Project\HANDOFF.md
2026-09-20 17:46:01 | Created | C:\Users\Laser\Documents\Default Project\scripts\debug7.html
2026-09-20 17:48:48 | Created | C:\Users\Laser\Documents\Default Project\SESSION-MEMORY.md
2026-09-20 17:48:55 | Changed | C:\Users\Laser\Documents\Default Project\HANDOFF.md
2026-09-20 17:48:55 | Deleted | C:\Users\Laser\Documents\Default Project\scripts\debug7.html
2026-09-20 17:52:45 | Changed | C:\Users\Laser\Documents\Default Project\.expo\types\router.d.ts
2026-09-20 17:56:37 | Changed | C:\Users\Laser\Documents\Default Project\src\app\plan.tsx
2026-09-20 17:56:37 | Changed | C:\Users\Laser\Documents\Default Project\src\constants\date-time.ts
2026-09-20 17:56:37 | Changed | C:\Users\Laser\Documents\Default Project\src\lib\planner.ts
2026-09-20 17:56:37 | Changed | C:\Users\Laser\Documents\Default Project\src\lib\planning-memory.ts
2026-09-20 17:56:43 | Changed | C:\Users\Laser\Documents\Default Project\AGENTS.md
2026-09-20 17:56:43 | Changed | C:\Users\Laser\Documents\Default Project\package-lock.json
2026-09-20 17:56:43 | Changed | C:\Users\Laser\Documents\Default Project\package.json
2026-09-20 17:56:43 | Changed | C:\Users\Laser\Documents\Default Project\.expo\types\router.d.ts
